id,q,r,terrain,token
hex:0:-2,0,-2,desert,-
hex:1:-2,1,-2,fields,6
hex:2:-2,2,-2,mountains,9
hex:-1:-1,-1,-1,fields,11
hex:0:-1,0,-1,mountains,5
hex:1:-1,1,-1,pasture,5
hex:2:-1,2,-1,pasture,11
hex:-2:0,-2,0,fields,8
hex:-1:0,-1,0,hills,2
hex:0:0,0,0,pasture,10
hex:1:0,1,0,fields,4
hex:2:0,2,0,forest,8
hex:-2:1,-2,1,hills,3
hex:-1:1,-1,1,forest,4
hex:0:1,0,1,forest,6
hex:1:1,1,1,mountains,9
hex:-2:2,-2,2,pasture,10
hex:-1:2,-1,2,hills,3
hex:0:2,0,2,forest,12
